harness remote — server FreeRDP asli (peer) x klien FreeRDP asli
  LoadBalanceInfo (penanda): VULNRES-REMOTE-TOKEN (token 600 byte, tanpa NUL — dicetak terbatas)
  listener server: 127.0.0.1:40925 | target redirect: 127.0.0.1:3389 (siap)
  [klien] freerdp_connect → 127.0.0.1:40925
  [server] klien tersambung (fd=5) — memulai peer FreeRDP
  [server] sertifikat=ok kunci=ok
  [server] peer siap — melayani PDUs
  [server] hook Capabilities dipanggil (klien sudah mengirim kapabilitas)
  [klien] freerdp_connect kembali: TRUE (redirection terkirim=0, koneksi ke-2=0)
  [klien] masuk loop penerimaan (freerdp_check_fds)
  [server] hook ClientCapabilities dipanggil
  [server] PostConnect: klien selesai handshake — mengirim redirection
  [server] mengirim redirection (pemicu: PostConnect)
  [server] redirection valid=ya (flag kurang=0x00000000)
  [server] SendServerRedirection → terkirim (LoadBalanceInfo=600 byte)
  [server] hook Activate dipanggil (klien aktif)
  [server] peer melaporkan connected=TRUE pada iterasi 11
[12:20:25:289] [5077:000013d6] [ERROR][com.freerdp.core.transport] - [transport_read_layer]: BIO_read retries exceeded
[12:20:25:289] [5077:000013d6] [ERROR][com.freerdp.core.peer] - [transport_read_layer]: ERRCONNECT_CONNECT_TRANSPORT_FAILED [0x0002000D]
  [server] peer berhenti setelah 12 iterasi (connected=1)
  [server] redirection terkirim=1 (rc=0)
  [server] koneksi ke-2 diterima → klien menyusun permintaan dengan token
=================================================================
==5077==ERROR: AddressSanitizer: heap-buffer-overflow on address 0x515000005c80 at pc 0x562f5a13d868 bp 0x7ffe3ac81a10 sp 0x7ffe3ac811d0
WRITE of size 615 at 0x515000005c80 thread T0
    #0 0x562f5a13d867 in __asan_memcpy (/home/runner/work/vulnres-sift-lab/vulnres-sift-lab/build-remote/harness_remote+0x229867) (BuildId: a7346db01d834e8b6b92c6127ba926711c43d239)
    #1 0x562f5a359a2f in Stream_Write build/./winpr/include/winpr/stream.h:1193:4
    #2 0x562f5a359a2f in nego_send_negotiation_request build/./libfreerdp/core/nego.c:1098:3
    #3 0x562f5a353cdc in nego_attempt_nla build/./libfreerdp/core/nego.c:651:7
    #4 0x562f5a353cdc in nego_send build/./libfreerdp/core/nego.c:1050:4
    #5 0x562f5a353cdc in nego_connect build/./libfreerdp/core/nego.c:235:4
    #6 0x562f5a1dd496 in rdp_client_connect build/./libfreerdp/core/connection.c:458:8
    #7 0x562f5a1def79 in rdp_client_redirect build/./libfreerdp/core/connection.c:715:11
    #8 0x562f5a1f69a0 in rdp_check_fds build/./libfreerdp/core/rdp.c:2310:8
    #9 0x562f5a1b48d8 in freerdp_check_fds build/./libfreerdp/core/freerdp.c:368:11
    #10 0x562f5a17e3d8 in main /home/runner/work/vulnres-sift-lab/vulnres-sift-lab/ci/harness/harness_remote.c:333:9
    #11 0x7f10fe82a1c9  (/lib/x86_64-linux-gnu/libc.so.6+0x2a1c9) (BuildId: a4a7992a8e66555c8141ab2a08a8465ff6e0ea65)
    #12 0x7f10fe82a28a in __libc_start_main (/lib/x86_64-linux-gnu/libc.so.6+0x2a28a) (BuildId: a4a7992a8e66555c8141ab2a08a8465ff6e0ea65)
    #13 0x562f5a0a4ad4 in _start (/home/runner/work/vulnres-sift-lab/vulnres-sift-lab/build-remote/harness_remote+0x190ad4) (BuildId: a7346db01d834e8b6b92c6127ba926711c43d239)

0x515000005c80 is located 0 bytes after 512-byte region [0x515000005a80,0x515000005c80)
allocated by thread T0 here:
    #0 0x562f5a13f923 in malloc (/home/runner/work/vulnres-sift-lab/vulnres-sift-lab/build-remote/harness_remote+0x22b923) (BuildId: a7346db01d834e8b6b92c6127ba926711c43d239)
    #1 0x562f5a4a8e81 in Stream_New build/./winpr/libwinpr/utils/stream.c:101:22
    #2 0x562f5a35995e in nego_send_negotiation_request build/./libfreerdp/core/nego.c:1083:6
    #3 0x562f5a353cdc in nego_attempt_nla build/./libfreerdp/core/nego.c:651:7
    #4 0x562f5a353cdc in nego_send build/./libfreerdp/core/nego.c:1050:4
    #5 0x562f5a353cdc in nego_connect build/./libfreerdp/core/nego.c:235:4
    #6 0x562f5a1dd496 in rdp_client_connect build/./libfreerdp/core/connection.c:458:8
    #7 0x562f5a1def79 in rdp_client_redirect build/./libfreerdp/core/connection.c:715:11
    #8 0x562f5a1f69a0 in rdp_check_fds build/./libfreerdp/core/rdp.c:2310:8
    #9 0x562f5a1b48d8 in freerdp_check_fds build/./libfreerdp/core/freerdp.c:368:11
    #10 0x562f5a17e3d8 in main /home/runner/work/vulnres-sift-lab/vulnres-sift-lab/ci/harness/harness_remote.c:333:9
    #11 0x7f10fe82a1c9  (/lib/x86_64-linux-gnu/libc.so.6+0x2a1c9) (BuildId: a4a7992a8e66555c8141ab2a08a8465ff6e0ea65)
    #12 0x7f10fe82a28a in __libc_start_main (/lib/x86_64-linux-gnu/libc.so.6+0x2a28a) (BuildId: a4a7992a8e66555c8141ab2a08a8465ff6e0ea65)
    #13 0x562f5a0a4ad4 in _start (/home/runner/work/vulnres-sift-lab/vulnres-sift-lab/build-remote/harness_remote+0x190ad4) (BuildId: a7346db01d834e8b6b92c6127ba926711c43d239)

SUMMARY: AddressSanitizer: heap-buffer-overflow (/home/runner/work/vulnres-sift-lab/vulnres-sift-lab/build-remote/harness_remote+0x229867) (BuildId: a7346db01d834e8b6b92c6127ba926711c43d239) in __asan_memcpy
Shadow bytes around the buggy address:
  0x515000005a00: fa fa fa fa fa fa fa fa fa fa fa fa fa fa fa fa
  0x515000005a80: 00 00 00 00 00 00 00 00 00 00 00 00 00 00 00 00
  0x515000005b00: 00 00 00 00 00 00 00 00 00 00 00 00 00 00 00 00
  0x515000005b80: 00 00 00 00 00 00 00 00 00 00 00 00 00 00 00 00
  0x515000005c00: 00 00 00 00 00 00 00 00 00 00 00 00 00 00 00 00
=>0x515000005c80:[fa]fa fa fa fa fa fa fa fa fa fa fa fa fa fa fa
  0x515000005d00: fa fa fa fa fa fa fa fa fa fa fa fa fa fa fa fa
  0x515000005d80: fa fa fa fa fa fa fa fa fa fa fa fa fa fa fa fa
  0x515000005e00: fa fa fa fa fa fa fa fa fa fa fa fa fa fa fa fa
  0x515000005e80: fa fa fa fa fa fa fa fa fa fa fa fa fa fa fa fa
  0x515000005f00: fa fa fa fa fa fa fa fa fa fa fa fa fa fa fa fa
Shadow byte legend (one shadow byte represents 8 application bytes):
  Addressable:           00
  Partially addressable: 01 02 03 04 05 06 07 
  Heap left redzone:       fa
  Freed heap region:       fd
  Stack left redzone:      f1
  Stack mid redzone:       f2
  Stack right redzone:     f3
  Stack after return:      f5
  Stack use after scope:   f8
  Global redzone:          f9
  Global init order:       f6
  Poisoned by user:        f7
  Container overflow:      fc
  Array cookie:            ac
  Intra object redzone:    bb
  ASan internal:           fe
  Left alloca redzone:     ca
  Right alloca redzone:    cb
==5077==ABORTING
